// Jest Snapshot v1, https://goo.gl/fbAQLP

exports[`#allBanks list all banks 1`] = `
Array [
  "Amfa Bank",
  "Avanza Bank",
  "Bankernas Automatbolag",
  "Bank of China (Luxembourg)",
  "Bluestep Finans",
  "Calyon Bank",
  "Citibank",
  "Danske Bank",
  "DNB Bank",
  "Ekobanken",
  "Erik Penser Bankaktiebolag",
  "Exchange Finans Europe",
  "Folkia",
  "Forex Bank",
  "Fortis Bank",
  "GE Money Bank",
  "Handelsbanken",
  "ICA Banken",
  "IKANO Bank",
  "JAK Medlemsbank",
  "Kommuninvest",
  "Kortaccept Nordic",
  "Landshypotek",
  "Lån & Spar Bank",
  "Länsförsäkringar Bank",
  "Marginalen Bank",
  "MedMera Bank",
  "Nasdaq-OMX",
  "Netfonds Bank (ub)",
  "Nordax Finans",
  "Nordea",
  "Nordnet Bank",
  "Pareto Öhman",
  "Privatgirot",
  "RBS",
  "Resurs Bank",
  "Sveriges Riksbank",
  "Riksgälden",
  "SBAB Bank",
  "SEB",
  "Skandiabanken",
  "Sparbanken Syd",
  "Swedbank",
  "Fryksdalens sparbank",
  "Sparbanken Gotland",
  "Kinda-Ydre sparbank",
  "Lekebergs sparbank",
  "Markaryds sparbank",
  "Häradssparbanken Mönsterås",
  "Närs sparbank",
  "Sparbanken Skaraborg",
  "Skurups sparbank",
  "Sölvesborg-Mjällby sparbank",
  "Varbergs sparbank",
  "Teller Branch Norway",
  "Teller Branch Sweden",
  "Volvofinans Bank",
  "VP Securities A/S",
  "Ålandsbanken",
]
`;
